// Jest Snapshot v1, https://goo.gl/fbAQLP

exports[`Comments component should render component correctly with comments 1`] = `
<div
  className="comments"
>
  <Comment
    comment={
      Object {
        "body": "body",
        "id": 1,
        "name": "name",
      }
    }
  />
</div>
`;

exports[`Comments component should render component correctly without comments 1`] = `
<div
  className="comments"
>
  <Loading
    id={1}
  />
</div>
`;
